ets Jul 29 2019 12:21:46

rst:0x1 (POWERON_RESET),boot:0x13 (SPI_FAST_FLASH_BOOT)
configsip: 0, SPIWP:0xee
clk_drv:0x00,q_drv:0x00,d_drv:0x00,cs0_drv:0x00,hd_drv:0x00,wp_drv:0x00
mode:DIO, clock div:2
load:0x3fff0030,len:7124
load:0x40078000,len:15624
load:0x40080400,len:4
load:0x40080404,len:3876
entry 0x4008064c
[0;32mI (29) boot: ESP-IDF HEAD-HASH-NOTFOUND 2nd stage bootloader[0m
[0;32mI (29) boot: compile time Dec 22 2024 19:23:45[0m
[0;32mI (30) boot: Multicore bootloader[0m
[0;32mI (35) boot: chip revision: v3.1[0m
[0;32mI (38) boot.esp32: SPI Speed      : 40MHz[0m
[0;32mI (43) boot.esp32: SPI Mode       : DIO[0m
[0;32mI (48) boot.esp32: SPI Flash Size : 2MB[0m
[0;32mI (52) boot: Enabling RNG early entropy source...[0m
[0;32mI (58) boot: Partition Table:[0m
[0;32mI (61) boot: ## Label            Usage          Type ST Offset   Length[0m
[0;32mI (68) boot:  0 nvs              WiFi data        01 02 00009000 00006000[0m
[0;32mI (76) boot:  1 phy_init         RF data          01 01 0000f000 00001000[0m
[0;32mI (83) boot:  2 factory          factory app      00 00 00010000 00100000[0m
[0;32mI (91) boot: End of partition table[0m
[0;32mI (95) esp_image: segment 0: paddr=00010020 vaddr=3f400020 size=0b520h ( 46368) map[0m
[0;32mI (120) esp_image: segment 1: paddr=0001b548 vaddr=3ffb0000 size=02f40h ( 12096) load[0m
[0;32mI (125) esp_image: segment 2: paddr=0001e490 vaddr=40080000 size=01b88h (  7048) load[0m
[0;32mI (129) esp_image: segment 3: paddr=00020020 vaddr=400d0020 size=172c4h ( 94916) map[0m
[0;32mI (169) esp_image: segment 4: paddr=000372ec vaddr=40081b88 size=0bdb0h ( 48560) load[0m
[0;32mI (196) boot: Loaded app from partition at offset 0x10000[0m
[0;32mI (196) boot: Disabling RNG early entropy source...[0m
[0;32mI (208) cpu_start: Multicore app[0m
[0;32mI (209) cpu_start: Pro cpu up.[0m
[0;32mI (209) cpu_start: Starting app cpu, entry point is 0x40081240[0m
[0;32mI (0) cpu_start: App cpu up.[0m
[0;32mI (226) cpu_start: Pro cpu start user code[0m
[0;32mI (226) cpu_start: cpu freq: 160000000 Hz[0m
[0;32mI (226) cpu_start: Application information:[0m
[0;32mI (231) cpu_start: Project name:     oled_button_esp32[0m
[0;32mI (237) cpu_start: App version:      1[0m
[0;32mI (241) cpu_start: Compile time:     Dec 22 2024 19:23:34[0m
[0;32mI (247) cpu_start: ELF file SHA256:  ac0961c3f1ebffe0...[0m
[0;32mI (253) cpu_start: ESP-IDF:          HEAD-HASH-NOTFOUND[0m
[0;32mI (259) cpu_start: Min chip rev:     v0.0[0m
[0;32mI (264) cpu_start: Max chip rev:     v3.99 [0m
[0;32mI (269) cpu_start: Chip rev:         v3.1[0m
[0;32mI (274) heap_init: Initializing. RAM available for dynamic allocation:[0m
[0;32mI (281) heap_init: At 3FFAE6E0 len 00001920 (6 KiB): DRAM[0m
[0;32mI (287) heap_init: At 3FFB37E0 len 0002C820 (178 KiB): DRAM[0m
[0;32mI (293) heap_init: At 3FFE0440 len 00003AE0 (14 KiB): D/IRAM[0m
[0;32mI (299) heap_init: At 3FFE4350 len 0001BCB0 (111 KiB): D/IRAM[0m
[0;32mI (306) heap_init: At 4008D938 len 000126C8 (73 KiB): IRAM[0m
[0;32mI (313) spi_flash: detected chip: generic[0m
[0;32mI (317) spi_flash: flash io: dio[0m
[0;33mW (320) spi_flash: Detected size(4096k) larger than the size in the binary image header(2048k). Using the size in the binary image header.[0m
[0;32mI (334) app_start: Starting scheduler on CPU0[0m
[0;32mI (339) app_start: Starting scheduler on CPU1[0m
[0;32mI (339) main_task: Started on CPU0[0m
[0;32mI (349) main_task: Calling app_main()[0m
31
[0;32mI (349) Debug: INTERFACE is i2c[0m
[0;32mI (349) Debug: CONFIG_SDA_GPIO=21[0m
[0;32mI (359) Debug: CONFIG_SCL_GPIO=22[0m
[0;32mI (359) Debug: CONFIG_RESET_GPIO=15[0m
[0;32mI (359) SSD1306: Legacy i2c driver is used[0m
15
[0;32mI (369) gpio: GPIO[15]| InputEn: 0| OutputEn: 0| OpenDrain: 0| Pullup: 1| Pulldown: 0| Intr:0 [0m
[0;32mI (379) main_task: Returned from app_main()[0m
15
15
[0;32mI (429) Debug: Panel is 128x64[0m
15
[0;32mI (429) SSD1306: OLED configured successfully[0m
15
15
15
15
15
15
15
15
15
15
15
15
15
15
15
15
15
15
15
15
15
15
15
15
15
15
15
15
15
15
15
15
15
15
15
15
15
15
15
15
15
15
15
15
15
15
15
15
15
15
15
15
15
15
15
15
15
15
15
15
15
15
15
15
15
15
15
15
15
15
15
15
15
15
15
15
15
15
15
15
15
15
15
15
15
15
15
15
15
15
15
15
15
15
15
15
15
15
15
15
15
15
15
15
15
15
15
15
15
15
15
15
15
15
15
15
15
15
15
15
15
15
15
15
15
15
15
15
15
15
15
15
15
15
15
15
15
15
15
15
15
15
15
15
15
15
15
15
15
15
15
15
15
15
15
15
15
15
15
15
15
15
15
15
15
15
15
15
15
15
15
15
15
15
15
15
15
15
31
15
15
15
15
15
15
15
15
15
15
15
15
15
15
15
15
15
15
15
15
15
15
15
15
15
15
15
15
15
15
15
15
15
15
15
15
15
15
15
15
15
15
15
15
15
15
15
15
15
15
15
15
15
15
15
15
15
15
15
15
15
15
15
15
15
15
15
15
15
15
15
15
15
15
15
15
15
15
15
15
15
15
15
15
15
15
15
15
15
15
15
15
15
15
15
15
15
15
15
15
15
15
15
15
15
15
15
15
15
15
15
15
15
15
15
15
15
15
15
15
15
15
15
15
15
15
15
15
15
15
15
15
15
15
15
15
15
15
15
15
15
15
15
15
15
15
15
15
15
15
15
15
15
15
15
15
15
15
15
15
15
15
15
15
15
15
15
15
15
15
15
15
15
15
15
15
15
15
15
15
15
15
15
15
15
15
15
15
15
15
15
15
15
15
15
15
15
15
15
15
15
15
15
15
15
15
15
15
15
15
15
15
15
15
15
15
15
15
15
15
15
15
15
15
15
15
15
15
15
15
15
15
15
15
15
15
15
15
15
15
15
15
15
15
15
15
15
15
15
[0;31mE (8999) task_wdt: Task watchdog got triggered. The following tasks/users did not reset the watchdog in time:[0m
[0;31mE (8999) task_wdt:  - IDLE0 (CPU 0)[0m
[0;31mE (8999) task_wdt: Tasks currently running:[0m
[0;31mE (8999) task_wdt: CPU 0: screen[0m
[0;31mE (8999) task_wdt: CPU 1: IDLE1[0m
[0;31mE (8999) task_wdt: Print CPU 0 (current core) backtrace[0m


Backtrace: 0x400DA1A7:0x3FFB1B10 0x400DA574:0x3FFB1B30 0x40082B1D:0x3FFB1B60 0x400D58E2:0x3FFB8C90 0x400893CD:0x3FFB9130

31
15
15
15
15
15
15
15
15
15
15
15
15
15
15
15
15
15
15
15
15
15
15
15
15
15
15
15
15
15
15
15
15
15
15
15
15
15
15
15
15
15
15
15
15
15
15
15
15
15
15
15
15
15
15
15
15
15
15
15
15
15
15
15
15
15
15
15
15
15
15
15
15
15
15
15
15
15
15
15
15
15
15
15
15
15
15
15
15
15
15
15
15
15
15
15
15
15
15
15
15
15
15
15
15
15
15
15
15
15
15
15
15
15
15
15
15
15
15
15
15
15
15
15
15
15
15
15
15
15
15
15
15
15
15
15
15
15
15
15
15
15
15
15
15
15
15
15
15
15
15
15
15
15
15
15
15
15
15
15
15
15
15
15
15
15
15
15
15
15
15
15
15
15
15
15
15
15
15
15
15
15
15
15
15
15
31
31
31
15
15
15
15
15
15
15
31
31
31
31
31
31
31
31
31
31
31
31
31
31
31
31
31
31
31
31
31
31
31
31
31
31
31
31
31
31
31
31
31
31
31
31
31
31
31
31
31
31
31
31
31
31
31
31
31
31
31
31
31
[0;31mE (13999) task_wdt: Task watchdog got triggered. The following tasks/users did not reset the watchdog in time:[0m
[0;31mE (13999) task_wdt:  - IDLE0 (CPU 0)[0m
[0;31mE (13999) task_wdt: Tasks currently running:[0m
[0;31mE (13999) task_wdt: CPU 0: screen[0m
[0;31mE (13999) task_wdt: CPU 1: IDLE1[0m
[0;31mE (13999) task_wdt: Print CPU 0 (current core) backtrace[0m


Backtrace: 0x400DA1A7:0x3FFB1B10 0x400DA574:0x3FFB1B30 0x40082B1D:0x3FFB1B60 0x400D58E2:0x3FFB8C90 0x400893CD:0x3FFB9130

31
31
31
31
31
31
31
31
31
31
31
31
31
31
31
31
31
31
31
31
31
31
31
31
31
31
31
31
31
31
31
31
31
31
31
31
31
31
